C51 COMPILER V9.52.0.0   WORK                                                              08/22/2013 07:41:17 PAGE 1   


C51 COMPILER V9.52.0.0, COMPILATION OF MODULE WORK
OBJECT MODULE PLACED IN .\work.obj
COMPILER INVOKED BY: E:\work\tools\Keil\C51\BIN\C51.EXE ..\work.c ROM(COMPACT) BROWSE DEFINE(_KEIL_C_) DEBUG OBJECTEXTEN
                    -D TABS(2) OBJECT(.\work.obj)

line level    source

   1          #include "work.h"
   2          #include "mycar.h"
   3          
   4          void led_high_worker(void)
   5          {
   6   1        P1_2 = 1;
   7   1      }
   8          
   9          void led_low_worker(void)
  10          {
  11   1        P1_2 = 0;
  12   1      }
  13          DEFINE_CODE_VAR(struct worker_entry, work_tbl[]) = {
  14            { led_low_worker, 5,  10, true},
  15            { led_high_worker,  0,  10, true}
  16          };
  17          
  18          DEFINE_CODE_VAR(u8,worker_num) = sizeof(work_tbl) / sizeof(struct worker_entry);


MODULE INFORMATION:   STATIC OVERLAYABLE
   CODE SIZE        =      6    ----
   CONSTANT SIZE    =     25    ----
   XDATA SIZE       =   ----    ----
   PDATA SIZE       =   ----    ----
   DATA SIZE        =   ----    ----
   IDATA SIZE       =   ----    ----
   BIT SIZE         =   ----    ----
END OF MODULE INFORMATION.


C51 COMPILATION COMPLETE.  0 WARNING(S),  0 ERROR(S)
